[    0.000000] Linux version 4.15.0-38-generic (buildd@lcy01-amd64-023) (gcc version 7.3.0 (Ubuntu 7.3.0-16ubuntu3)) #41-Ubuntu SMP Wed Oct 10 10:59:38 UTC 2018 (Ubuntu 4.15.0-38.41-generic 4.15.18)
[    0.000000] Command line: BOOT_IMAGE=/boot/vmlinuz-4.15.0-38-generic root=LABEL=cloudimg-rootfs ro console=tty1 console=ttyS0
[    0.000000] KERNEL supported cpus:
[    0.000000]   Intel GenuineIntel
[    0.000000]   AMD AuthenticAMD
[    0.000000]   Centaur CentaurHauls
[    0.000000] x86/fpu: Supporting XSAVE feature 0x001: 'x87 floating point registers'
[    0.000000] x86/fpu: Supporting XSAVE feature 0x002: 'SSE registers'
[    0.000000] x86/fpu: Supporting XSAVE feature 0x004: 'AVX registers'
[    0.000000] x86/fpu: xstate_offset[2]:  576, xstate_sizes[]:  256
[    0.000000] x86/fpu: Enabled xstate features 0x7, context size is 832 bytes, using 'standard' format.
[    0.000000] e820: BIOS-provided physical RAM map:
[    0.000000] BIOS-e820: [mem 0x0000000000000000-0x000000000009fbff] usable
[    0.000000] BIOS-e820: [mem 0x000000000009fc00-0x000000000009ffff] reserved
[    0.000000] BIOS-e820: [mem 0x00000000000f0000-0x00000000000fffff] reserved
[    0.000000] BIOS-e820: [mem 0x0000000000100000-0x000000007ffeffff] usable
[    0.000000] BIOS-e820: [mem 0x000000007fff0000-0x000000007fffffff] ACPI data
[    0.000000] BIOS-e820: [mem 0x00000000fec00000-0x00000000fec00fff] reserved
[    0.000000] BIOS-e820: [mem 0x00000000fee00000-0x00000000fee00fff] reserved
[    0.000000] BIOS-e820: [mem 0x00000000fffc0000-0x00000000ffffffff] reserved
[    0.000000] NX (Execute Disable) protection: active
[    0.000000] SMBIOS 2.5 present.
[    0.000000] DMI: innotek GmbH VirtualBox/VirtualBox, BIOS VirtualBox 12/01/2006
[    0.000000] Hypervisor detected: KVM
[    0.000000] e820: last_pfn = 0x7fff0 max_arch_pfn = 0x400000000
[    0.000000] MTRR: Disabled
[    0.000000] x86/PAT: MTRRs disabled, skipping PAT initialization too.
[    0.000000] CPU MTRRs all blank - virtualized system.
[    0.000000] x86/PAT: Configuration [0-7]: WB  WT  UC- UC  WB  WT  UC- UC  
[    0.000000] found SMP MP-table at [mem 0x0009fff0-0x0009ffff] mapped at [        (ptrval)]
[    0.000000] Scanning 1 areas for low memory corruption
[    0.000000] RAMDISK: [mem 0x35ae3000-0x36d68fff]
[    0.000000] ACPI: Early table checksum verification disabled
[    0.000000] ACPI: RSDP 0x00000000000E0000 000024 (v02 VBOX  )
[    0.000000] ACPI: XSDT 0x000000007FFF0030 00003C (v01 VBOX   VBOXXSDT 00000001 ASL  00000061)
[    0.000000] ACPI: FACP 0x000000007FFF00F0 0000F4 (v04 VBOX   VBOXFACP 00000001 ASL  00000061)
[    0.000000] ACPI: DSDT 0x000000007FFF0470 0021FF (v02 VBOX   VBOXBIOS 00000002 INTL 20180105)
[    0.000000] ACPI: FACS 0x000000007FFF0200 000040
[    0.000000] ACPI: FACS 0x000000007FFF0200 000040
[    0.000000] ACPI: APIC 0x000000007FFF0240 00005C (v02 VBOX   VBOXAPIC 00000001 ASL  00000061)
[    0.000000] ACPI: SSDT 0x000000007FFF02A0 0001CC (v01 VBOX   VBOXCPUT 00000002 INTL 20180105)
[    0.000000] No NUMA configuration found
[    0.000000] Faking a node at [mem 0x0000000000000000-0x000000007ffeffff]
[    0.000000] NODE_DATA(0) allocated [mem 0x7ffc5000-0x7ffeffff]
[    0.000000] kvm-clock: cpu 0, msr 0:7ff44001, primary cpu clock
[    0.000000] kvm-clock: Using msrs 4b564d01 and 4b564d00
[    0.000000] kvm-clock: using sched offset of 3139276506 cycles
[    0.000000] clocksource: kvm-clock: mask: 0xffffffffffffffff max_cycles: 0x1cd42e4dffb, max_idle_ns: 881590591483 ns
[    0.000000] Zone ranges:
[    0.000000]   DMA      [mem 0x0000000000001000-0x0000000000ffffff]
[    0.000000]   DMA32    [mem 0x0000000001000000-0x000000007ffeffff]
[    0.000000]   Normal   empty
[    0.000000]   Device   empty
[    0.000000] Movable zone start for each node
[    0.000000] Early memory node ranges
[    0.000000]   node   0: [mem 0x0000000000001000-0x000000000009efff]
[    0.000000]   node   0: [mem 0x0000000000100000-0x000000007ffeffff]
[    0.000000] Initmem setup node 0 [mem 0x0000000000001000-0x000000007ffeffff]
[    0.000000] Reserved but unavailable: 98 pages
[    0.000000] ACPI: PM-Timer IO Port: 0x4008
[    0.000000] IOAPIC[0]: apic_id 2, version 32, address 0xfec00000, GSI 0-23
[    0.000000] ACPI: INT_SRC_OVR (bus 0 bus_irq 0 global_irq 2 dfl dfl)
[    0.000000] ACPI: INT_SRC_OVR (bus 0 bus_irq 9 global_irq 9 low level)
[    0.000000] Using ACPI (MADT) for SMP configuration information
[    0.000000] smpboot: Allowing 2 CPUs, 0 hotplug CPUs
[    0.000000] PM: Registered nosave memory: [mem 0x00000000-0x00000fff]
[    0.000000] PM: Registered nosave memory: [mem 0x0009f000-0x0009ffff]
[    0.000000] PM: Registered nosave memory: [mem 0x000a0000-0x000effff]
[    0.000000] PM: Registered nosave memory: [mem 0x000f0000-0x000fffff]
[    0.000000] e820: [mem 0x80000000-0xfebfffff] available for PCI devices
[    0.000000] Booting paravirtualized kernel on KVM
[    0.000000] clocksource: refined-jiffies: mask: 0xffffffff max_cycles: 0xffffffff, max_idle_ns: 7645519600211568 ns
[    0.000000] random: get_random_bytes called from start_kernel+0x99/0x4fd with crng_init=0
[    0.000000] setup_percpu: NR_CPUS:8192 nr_cpumask_bits:2 nr_cpu_ids:2 nr_node_ids:1
[    0.000000] percpu: Embedded 46 pages/cpu @        (ptrval) s151552 r8192 d28672 u1048576
[    0.000000] PV qspinlock hash table entries: 256 (order: 0, 4096 bytes)
[    0.000000] Built 1 zonelists, mobility grouping on.  Total pages: 515961
[    0.000000] Policy zone: DMA32
[    0.000000] Kernel command line: BOOT_IMAGE=/boot/vmlinuz-4.15.0-38-generic root=LABEL=cloudimg-rootfs ro console=tty1 console=ttyS0
[    0.000000] Memory: 2015808K/2096696K available (12300K kernel code, 2472K rwdata, 4248K rodata, 2408K init, 2416K bss, 80888K reserved, 0K cma-reserved)
[    0.000000] SLUB: HWalign=64, Order=0-3, MinObjects=0, CPUs=2, Nodes=1
[    0.000000] Kernel/User page tables isolation: enabled
[    0.000000] ftrace: allocating 39175 entries in 154 pages
[    0.004000] Hierarchical RCU implementation.
[    0.004000] 	RCU restricting CPUs from NR_CPUS=8192 to nr_cpu_ids=2.
[    0.004000] 	Tasks RCU enabled.
[    0.004000] RCU: Adjusting geometry for rcu_fanout_leaf=16, nr_cpu_ids=2
[    0.004000] NR_IRQS: 524544, nr_irqs: 440, preallocated irqs: 16
[    0.004000] Console: colour VGA+ 80x25
[    0.004000] console [tty1] enabled
[    0.004000] console [ttyS0] enabled
[    0.004000] ACPI: Core revision 20170831
[    0.004000] ACPI: 2 ACPI AML tables successfully acquired and loaded
[    0.004000] APIC: Switch to symmetric I/O mode setup
[    0.004000] x2apic enabled
[    0.004000] Switched APIC routing to physical x2apic.
[    0.004000] ..TIMER: vector=0x30 apic1=0 pin1=2 apic2=-1 pin2=-1
[    0.004000] tsc: Detected 1991.999 MHz processor
[    0.004000] Calibrating delay loop (skipped) preset value.. 3983.99 BogoMIPS (lpj=7967996)
[    0.004004] pid_max: default: 32768 minimum: 301
[    0.004527] Security Framework initialized
[    0.004986] Yama: becoming mindful.
[    0.005420] AppArmor: AppArmor initialized
[    0.006429] Dentry cache hash table entries: 262144 (order: 9, 2097152 bytes)
[    0.007616] Inode-cache hash table entries: 131072 (order: 8, 1048576 bytes)
[    0.008011] Mount-cache hash table entries: 4096 (order: 3, 32768 bytes)
[    0.008703] Mountpoint-cache hash table entries: 4096 (order: 3, 32768 bytes)
[    0.009693] mce: CPU supports 0 MCE banks
[    0.010151] Last level iTLB entries: 4KB 64, 2MB 8, 4MB 8
[    0.010721] Last level dTLB entries: 4KB 64, 2MB 0, 4MB 0, 1GB 4
[    0.011351] Spectre V2 : Mitigation: Full generic retpoline
[    0.012001] Spectre V2 : Spectre v2 / SpectreRSB mitigation: Filling RSB on context switch
[    0.012956] Speculative Store Bypass: Vulnerable
[    0.013624] Freeing SMP alternatives memory: 36K
[    0.016000] smpboot: CPU0: Intel(R) Core(TM) i7-8550U CPU @ 1.80GHz (family: 0x6, model: 0x8e, stepping: 0xa)
[    0.016059] Performance Events: unsupported p6 CPU model 142 no PMU driver, software events only.
[    0.017033] Hierarchical SRCU implementation.
[    0.018029] NMI watchdog: Perf event create on CPU 0 failed with -2
[    0.020001] NMI watchdog: Perf NMI watchdog permanently disabled
[    0.020711] smp: Bringing up secondary CPUs ...
[    0.021353] x86: Booting SMP configuration:
[    0.021820] .... node  #0, CPUs:      #1
[    0.004000] kvm-clock: cpu 1, msr 0:7ff44041, secondary cpu clock
[    0.004000] mce: CPU supports 0 MCE banks
[    0.026022] smp: Brought up 1 node, 2 CPUs
[    0.026022] smpboot: Max logical packages: 1
[    0.026022] smpboot: Total of 2 processors activated (7967.99 BogoMIPS)
[    0.028058] devtmpfs: initialized
[    0.028431] x86/mm: Memory block size: 128MB
[    0.029052] evm: security.selinux
[    0.029443] evm: security.SMACK64
[    0.029909] evm: security.SMACK64EXEC
[    0.030331] evm: security.SMACK64TRANSMUTE
[    0.030784] evm: security.SMACK64MMAP
[    0.031199] evm: security.apparmor
[    0.031590] evm: security.ima
[    0.032002] evm: security.capability
[    0.032433] clocksource: jiffies: mask: 0xffffffff max_cycles: 0xffffffff, max_idle_ns: 7645041785100000 ns
[    0.033192] futex hash table entries: 512 (order: 3, 32768 bytes)
[    0.033943] pinctrl core: initialized pinctrl subsystem
[    0.034624] RTC time: 10:18:43, date: 11/14/18
[    0.035221] NET: Registered protocol family 16
[    0.036053] audit: initializing netlink subsys (disabled)
[    0.036680] audit: type=2000 audit(1542190727.975:1): state=initialized audit_enabled=0 res=1
[    0.037142] cpuidle: using governor ladder
[    0.037142] cpuidle: using governor menu
[    0.037142] ACPI: bus type PCI registered
[    0.040006] acpiphp: ACPI Hot Plug PCI Controller Driver version: 0.5
[    0.040741] PCI: Using configuration type 1 for base access
[    0.041354] HugeTLB registered 2.00 MiB page size, pre-allocated 0 pages
[    0.041354] ACPI: Added _OSI(Module Device)
[    0.044005] ACPI: Added _OSI(Processor Device)
[    0.044497] ACPI: Added _OSI(3.0 _SCP Extensions)
[    0.045009] ACPI: Added _OSI(Processor Aggregator Device)
[    0.045586] ACPI: Added _OSI(Linux-Dell-Video)
[    0.046175] ACPI: Added _OSI(Linux-Lenovo-NV-HDMI-Audio)
[    0.046939] ACPI: Executed 1 blocks of module-level executable AML code
[    0.050723] ACPI: Interpreter enabled
[    0.051162] ACPI: (supports S0 S5)
[    0.051554] ACPI: Using IOAPIC for interrupt routing
[    0.052171] PCI: Using host bridge windows from ACPI; if necessary, use "pci=nocrs" and report a bug
[    0.053237] ACPI: Enabled 2 GPEs in block 00 to 07
[    0.058037] ACPI: PCI Root Bridge [PCI0] (domain 0000 [bus 00-ff])
[    0.058816] acpi PNP0A03:00: _OSC: OS supports [ASPM ClockPM Segments MSI]
[    0.059543] acpi PNP0A03:00: _OSC: not requesting OS control; OS requires [ExtendedConfig ASPM ClockPM MSI]
[    0.060008] acpi PNP0A03:00: fail to add MMCONFIG information, can't access extended PCI configuration space under this bridge.
[    0.061422] PCI host bridge to bus 0000:00
[    0.061916] pci_bus 0000:00: root bus resource [io  0x0000-0x0cf7 window]
[    0.062659] pci_bus 0000:00: root bus resource [io  0x0d00-0xffff window]
[    0.063393] pci_bus 0000:00: root bus resource [mem 0x000a0000-0x000bffff window]
[    0.064002] pci_bus 0000:00: root bus resource [mem 0x80000000-0xfdffffff window]
[    0.064811] pci_bus 0000:00: root bus resource [bus 00-ff]
[    0.066689] pci 0000:00:01.1: legacy IDE quirk: reg 0x10: [io  0x01f0-0x01f7]
[    0.068002] pci 0000:00:01.1: legacy IDE quirk: reg 0x14: [io  0x03f6]
[    0.068683] pci 0000:00:01.1: legacy IDE quirk: reg 0x18: [io  0x0170-0x0177]
[    0.069470] pci 0000:00:01.1: legacy IDE quirk: reg 0x1c: [io  0x0376]
[    0.086982] pci 0000:00:07.0: quirk: [io  0x4000-0x403f] claimed by PIIX4 ACPI
[    0.088011] pci 0000:00:07.0: quirk: [io  0x4100-0x410f] claimed by PIIX4 SMB
[    0.101356] ACPI: PCI Interrupt Link [LNKA] (IRQs 5 9 10 *11)
[    0.104243] ACPI: PCI Interrupt Link [LNKB] (IRQs 5 9 *10 11)
[    0.104931] ACPI: PCI Interrupt Link [LNKC] (IRQs 5 *9 10 11)
[    0.108078] ACPI: PCI Interrupt Link [LNKD] (IRQs 5 9 10 *11)
[    0.109030] SCSI subsystem initialized
[    0.109499] pci 0000:00:02.0: vgaarb: setting as boot VGA device
[    0.109499] pci 0000:00:02.0: vgaarb: VGA device added: decodes=io+mem,owns=io+mem,locks=none
[    0.109596] pci 0000:00:02.0: vgaarb: bridge control possible
[    0.110200] vgaarb: loaded
[    0.112024] ACPI: bus type USB registered
[    0.112485] usbcore: registered new interface driver usbfs
[    0.113072] usbcore: registered new interface driver hub
[    0.113649] usbcore: registered new device driver usb
[    0.114276] EDAC MC: Ver: 3.0.0
[    0.114276] PCI: Using ACPI for IRQ routing
[    0.114276] NetLabel: Initializing
[    0.116005] NetLabel:  domain hash size = 128
[    0.116485] NetLabel:  protocols = UNLABELED CIPSOv4 CALIPSO
[    0.117098] NetLabel:  unlabeled traffic allowed by default
[    0.120179] clocksource: Switched to clocksource kvm-clock
[    0.177 V: skuotas dquot_6.6.0
[    0.346012] VFS: Dquot-cache hash table entries: 512 (order 0, 4096 bytes)
[    0.346901] AppArmor: AppArmor Filesystem Enabled
[    0.347450] pnp: PnP ACPI init
[    0.348544] pnp: PnP ACPI: found 3 devices

[   0.75] ocksource: acpi_pm: mask: 0xffffff max_cycles: 0xffffff, max_idle_ns: 2085701024 ns
[    0.500174] NET: Registered protocol family 2

[    0.500871] TCP established hash table entries: 16384 (order: 5, 131072 bytes)
[    0.501702] TCP bind hash table entries: 16384 (order: 6, 262144 bytes)
[    0.502821] TCP: Hash tables configured (established 16384 bind 16384)
[    0.503543] UDP hash table entries: 1024 (order: 3, 32768 bytes)
[    0.504207] UDP-Lite hash table entries: 1024 (order: 3, 32768 bytes)
[    0.504929] NET: Registered protocol family 1
[    0.505419] pci 0000:00:00.0: Limiting direct PCI/PCI transfers
[    0.506060] pci 0000:00:01.0: Activating ISA DMA hang workarounds
[    0.506730] pci 0000:00:02.0: Video device with shadowed ROM at [mem 0x000c0000-0x000dffff]
[    0.507734] Unpacking initramfs...
[    0.708385] Freeing initrd memory: 18968K
[    0.729046] platform rtc_cmos: registered platform RTC device (no PNP device found)
[    0.729918] Scanning for low memory corruption every 60 seconds
[    0.731117] Initialise system trusted keyrings
[    0.736367] Key type blacklist registered
[    0.847391] workingset: timestamp_bits=36 max_order=19 bucket_order=0
[    0.946368] zbud: loaded
[    0.947052] squashfs: version 4.0 (2009/01/31) Phillip Lougher
[    0.947899] fuse init (API version 7.26)
[    0.950934] Key type asymmetric registered
[    0.951407] Asymmetric key parser 'x509' registered
[    0.951997] Block layer SCSI generic (bsg) driver version 0.4 loaded (major 246)
[    0.952939] io scheduler noop registered
[    0.953396] io scheduler deadline registered
[    0.953911] io scheduler cfq registered (default)
[    0.954665] ACPI: AC Adapter [AC] (off-line)
[    0.955191] input: Power Button as /devices/LNXSYSTM:00/LNXPWRBN:00/input/input0
[    0.956104] ACPI: Power Button [PWRF]
[    0.956638] input: Sleep Button as /devices/LNXSYSTM:00/LNXSLPBN:00/input/input1
[    0.957460] ACPI: Sleep Button [SLPF]
[    0.958613] ACPI: Battery Slot [BAT0] (battery present)
[    0.959341] Serial: 8250/16550 driver, 32 ports, IRQ sharing enabled
[    0.981617] 00:02: ttyS0 at I/O 0x3f8 (irq = 4, base_baud = 115200) is a 16550A
[    0.989761] Linux agpgart interface v0.103
[    0.991427] loop: module loaded
[    0.992203] scsi host0: ata_piix
[    0.992874] scsi host1: ata_piix
[    0.993300] ata1: PATA max UDMA/33 cmd 0x1f0 ctl 0x3f6 bmdma 0xd000 irq 14
[    0.994002] ata2: PATA max UDMA/33 cmd 0x170 ctl 0x376 bmdma 0xd008 irq 15
[    0.994768] libphy: Fixed MDIO Bus: probed
[    0.995248] tun: Universal TUN/TAP device driver, 1.6
[    0.995843] PPP generic driver version 2.4.2
[    0.996411] ehci_hcd: USB 2.0 'Enhanced' Host Controller (EHCI) Driver
[    0.997120] ehci-pci: EHCI PCI platform driver
[    1.013570] ehci-platform: EHCI generic platform driver
[    1.014127] ohci_hcd: USB 1.1 'Open' Host Controller (OHCI) Driver
[    1.014745] ohci-pci: OHCI PCI platform driver
[    1.015221] ohci-platform: OHCI generic platform driver
[    1.015756] uhci_hcd: USB Universal Host Controller Interface driver
[    1.016561] i8042: PNP: PS/2 Controller [PNP0303:PS2K,PNP0f03:PS2M] at 0x60,0x64 irq 1,12
[    1.017728] serio: i8042 KBD port at 0x60,0x64 irq 1
[    1.018241] serio: i8042 AUX port at 0x60,0x64 irq 12
[    1.019120] mousedev: PS/2 mouse device common for all mice
[    1.020395] rtc_cmos rtc_cmos: rtc core: registered rtc_cmos as rtc0
[    1.021155] input: AT Translated Set 2 keyboard as /devices/platform/i8042/serio0/input/input2
[    1.022098] rtc_cmos rtc_cmos: alarms up to one day, 114 bytes nvram
[    1.022857] i2c /dev entries driver
[    1.023252] pcie_mp2_amd: AMD(R) PCI-E MP2 Communication Driver Version: 1.0
[    1.024001] device-mapper: uevent: version 1.0.3
[    1.024637] device-mapper: ioctl: 4.37.0-ioctl (2017-09-20) initialised: dm-devel@redhat.com
[    1.025592] ledtrig-cpu: registered to indicate activity on CPUs
[    1.026969] NET: Registered protocol family 10
[    1.030255] Segment Routing with IPv6
[    1.030712] NET: Registered protocol family 17
[    1.031253] Key type dns_resolver registered
[    1.032074] RAS: Correctable Errors collector initialized.
[    1.032765] sched_clock: Marking stable (1032029985, 0)->(1794382476, -762352491)
[    1.034513] registered taskstats version 1
[    1.034998] Loading compiled-in X.509 certificates
[    1.037220] Loaded X.509 cert 'Build time autogenerated kernel key: f3a9ae7fdf18cf897e7c53db8499a9c1252f0be9'
[    1.039925] zswap: loaded using pool lzo/zbud
[    1.043471] Key type big_key registered
[    1.043926] Key type trusted registered
[    1.045598] Key type encrypted registered
[    1.046072] AppArmor: AppArmor sha1 policy hashing enabled
[    1.046782] ima: No TPM chip found, activating TPM-bypass! (rc=-19)
[    1.047548] ima: Allocated hash algorithm: sha1
[    1.048132] evm: HMAC attrs: 0x1
[    1.048790]   Magic number: 10:413:325
[    1.049319] rtc_cmos rtc_cmos: setting system clock to 2018-11-14 10:18:44 UTC (1542190724)
[    1.050324] BIOS EDD facility v0.16 2004-Jun-25, 0 devices found
[    1.050970] EDD information not available.
[    1.159765] Freeing unused kernel memory: 2408K
[    1.168244] Write protecting the kernel read-only data: 20480k
[    1.172660] Freeing unused kernel memory: 2008K
[    1.185088] Freeing unused kernel memory: 1896K
[    1.198794] x86/mm: Checked W+X mappings: passed, no W+X pages found.
[    1.200376] x86/mm: Checking user space page tables
[    1.207960] x86/mm: Checked W+X mappings: passed, no W+X pages found.
Loading, please wait...
starting version 237
[    1.258176] e1000: Intel(R) PRO/1000 Network Driver - version 7.3.21-k8-NAPI
[    1.258987] e1000: Copyright (c) 1999-2006 Intel Corporation.
[    1.261676] Fusion MPT base driver 3.04.20
[    1.262161] Copyright (c) 1999-2008 LSI Corporation
[    1.269155] Fusion MPT SPI Host driver 3.04.20
[    1.461041] AVX2 version of gcm_enc/dec engaged.
[    1.465342] input: ImExPS/2 Generic Explorer Mouse as /devices/platform/i8042/serio1/input/input4
[    1.538675] AES CTR mode by8 optimization enabled
[    1.756528] tsc: Refined TSC clocksource calibration: 1991.111 MHz
[    1.783821] e1000 0000:00:03.0 eth0: (PCI:33MHz:32-bit) 02:85:b4:6d:51:fa
[    1.783825] e1000 0000:00:03.0 eth0: Intel(R) PRO/1000 Network Connection
[    2.135319] e1000 0000:00:08.0 eth1: (PCI:33MHz:32-bit) 08:00:27:0d:ba:cc
[    2.135321] e1000 0000:00:08.0 eth1: Intel(R) PRO/1000 Network Connection
[    2.500487] clocksource: tsc: mask: 0xffffffffffffffff max_cycles: 0x3966c2032d1, max_idle_ns: 881590484742 ns
[    2.500518] e1000 0000:00:03.0 enp0s3: renamed from eth0
[    2.513391] mptbase: ioc0: Initiating bringup
[    2.549727] e1000 0000:00:08.0 enp0s8: renamed from eth1
[    2.612229] ioc0: LSI53C1030 A0: Capabilities={Initiator}
[    2.863281] scsi host2: ioc0: LSI53C1030 A0, FwRev=00000000h, Ports=1, MaxQ=256, IRQ=20
[    3.061664] scsi 2:0:0:0: Direct-Access     VBOX     HARDDISK         1.0  PQ: 0 ANSI: 5
[    3.472495] scsi target2:0:0: Beginning Domain Validation
[    3.581529] scsi target2:0:0: Domain Validation skipping write tests
[    3.582230] scsi target2:0:0: Ending Domain Validation
[    3.582841] scsi target2:0:0: asynchronous
[    3.584122] scsi 2:0:1:0: Direct-Access     VBOX     HARDDISK         1.0  PQ: 0 ANSI: 5
[    3.616072] scsi target2:0:1: Beginning Domain Validation
[    3.619026] scsi target2:0:1: Domain Validation skipping write tests
[    3.619725] scsi target2:0:1: Ending Domain Validation
[    3.620346] random: fast init done
[    3.620356] scsi target2:0:1: asynchronous
[    3.623510] random: systemd-udevd: uninitialized urandom read (16 bytes read)
[    3.624318] random: systemd-udevd: uninitialized urandom read (16 bytes read)
[    3.625088] random: systemd-udevd: uninitialized urandom read (16 bytes read)
[    3.626149] sd 2:0:0:0: [sda] 20971520 512-byte logical blocks: (10.7 GB/10.0 GiB)
[    3.627054] sd 2:0:0:0: [sda] Write Protect is off
[    3.627613] sd 2:0:0:0: Attached scsi generic sg0 type 0
[    3.628318] sd 2:0:0:0: [sda] Incomplete mode parameter data
[    3.628946] sd 2:0:0:0: [sda] Assuming drive cache: write through
[    3.630160] sd 2:0:1:0: Attached scsi generic sg1 type 0
[    3.630889] sd 2:0:1:0: [sdb] 20480 512-byte logical blocks: (10.5 MB/10.0 MiB)
[    3.632386] sd 2:0:1:0: [sdb] Write Protect is off
[    3.633223] sd 2:0:1:0: [sdb] Incomplete mode parameter data
[    3.633854] sd 2:0:1:0: [sdb] Assuming drive cache: write through
[    3.640843]  sda: sda1
[    3.642340] sd 2:0:0:0: [sda] Attached SCSI disk
[    3.642992] sd 2:0:1:0: [sdb] Attached SCSI disk
Begin: Loading essential drivers ... [    5.048056] raid6: sse2x1   gen() 12913 MB/s
[    5.096054] raid6: sse2x1   xor()  9182 MB/s
[    5.144056] raid6: sse2x2   gen() 15891 MB/s
[    5.192027] raid6: sse2x2   xor() 10523 MB/s
[    5.240726] raid6: sse2x4   gen() 18449 MB/s
[    5.288060] raid6: sse2x4   xor() 11248 MB/s
[    5.392057] raid6: avx2x1   gen() 25980 MB/s
[    5.440055] raid6: avx2x1   xor() 17865 MB/s
[    5.612023] raid6: avx2x2   gen() 34778 MB/s
[    5.692062] raid6: avx2x2   xor() 19673 MB/s
[    5.868041] raid6: avx2x4   gen() 31701 MB/s
[    5.916060] raid6: avx2x4   xor() 21256 MB/s
[    6.033431] raid6: using algorithm avx2x2 gen() 34778 MB/s
[    6.034020] raid6: .... xor() 19673 MB/s, rmw enabled
[    6.034572] raid6: using avx2x2 recovery algorithm
[    6.036208] xor: automatically using best checksumming function   avx       
[    6.037991] async_tx: api initialized (async)
done.
Begin: Running /scripts/init-premount ... done.
Begin: Mounting root file system ... Begin: Running /scripts/local-top ... done.
Begin: Running /scripts/local-premount ... [    6.072438] Btrfs loaded, crc32c=crc32c-intel
Scanning for Btrfs filesystems
done.
Warning: fsck no[    6.097009] EXT4-fs (sda1): mounted filesystem with ordered data mode. Opts: (null)
t present, so skipping root file system
done.
Begin: Running /scripts/local-bottom ... done.
Begin: Running /scripts/init-bottom ... done.
[    6.412005] ip_tables: (C) 2000-2006 Netfilter Core Team
[    6.647166] systemd[1]: systemd 237 running in system mode. (+PAM +AUDIT +SELINUX +IMA +APPARMOR +SMACK +SYSVINIT +UTMP +LIBCRYPTSETUP +GCRYPT +GNUTLS +ACL +XZ +LZ4 +SECCOMP +BLKID +ELFUTILS +KMOD -IDN2 +IDN -PCRE2 default-hierarchy=hybrid)
[    6.680748] systemd[1]: Detected virtualization oracle.
[    6.681337] systemd[1]: Detected architecture x86-64.

Welcome to [1mUbuntu 18.04.1 LTS[0m!

[    6.686494] systemd[1]: Set hostname to <ubuntu>.
[    6.688813] systemd[1]: Initializing machine ID from random generator.
[    6.689552] systemd[1]: Installed transient /etc/machine-id file.
[    6.869838] systemd[1]: Reached target System Time Synchronized.
[[0;32m  OK  [0m] Reached target System Time Synchronized.
[    6.921318] systemd[1]: Created slice System Slice.
[[0;32m  OK  [0m] Created slice System Slice.
[    6.924822] systemd[1]: Listening on udev Kernel Socket.
[[0;32m  OK  [0m] Listening on udev Kernel Socket.
[    6.926148] systemd[1]: Listening on Journal Socket (/dev/log).
[[0;32m  OK  [0m] Listening on Journal Socket (/dev/log).
[[0;32m  OK  [0m] Reached target User and Group Name Lookups.
[[0;32m  OK  [0m] Listening on LVM2 metadata daemon socket.
[[0;32m  OK  [0m] Listening on /dev/initctl Compatibility Named Pipe.
[[0;32m  OK  [0m] Started Forward Password Requests to Wall Directory Watch.
[[0;32m  OK  [0m] Reached target Swap.
[[0;32m  OK  [0m] Listening on Device-mapper event daemon FIFOs.
[[0;32m  OK  [0m] Set up automount Arbitrary Executabâ€¦rmats File System Automount Point.
[[0;32m  OK  [0m] Listening on LVM2 poll daemon socket.
[[0;32m  OK  [0m] Created slice User and Session Slice.
[[0;32m  OK  [0m] Created slice system-serial\x2dgetty.slice.
[[0;32m  OK  [0m] Reached target Slices.
[[0;32m  OK  [0m] Listening on Journal Audit Socket.
[[0;32m  OK  [0m] Listening on Syslog Socket.
[[0;32m  OK  [0m] Listening on Network Service Netlink Socket.
[[0;32m  OK  [0m] Listening on Journal Socket.
         Starting Set the console keyboard layout...
         Starting Uncomplicated firewall...
         Mounting POSIX Message Queue File System...
         Starting Create list of required stâ€¦ce nodes for the current kernel...
         Starting Remount Root and Kernel File Systems...
         Starting Monitoring of LVM2 mirrorsâ€¦ng dmeventd or progress polling...
         Mounting Kernel Debug File System...
         Starting Load Kernel Modules...
         Mounting Huge Pages File System...
         Starting Journal Service...
[    7.567835] Loading iSCSI transport class v2.0-870.
[[0;32m  OK  [0m] Listening on udev Control Socket.
[    7.980537] EXT4-fs (sda1): re-mounted. Opts: (null)
         Starting udev Coldplug all Devices...
[[0;32m  OK  [0m] Started Uncomplicated firewall.
[[0;32m  OK  [0m] Mounted POSIX Message Queue File System.
[[0;32m  OK  [0m] Started Create list of required staâ€¦vice nodes for the current kernel.
[[0;32m  OK  [0m] Started Remount Root and Kernel File Systems.
[[0;32m  OK  [0m] Mounted Kernel Debug File System.
[[0;32m  OK  [0m] Mounted Huge Pages File System.
[[0;32m  OK  [0m] Started LVM2 metadata daemon.
[    8.010270] iscsi: registered transport (tcp)
         Starting Initial cloud-init job (pre-networking)...
         Starting Load/Save Random Seed...
         Starting Create Static Device Nodes in /dev...
[[0;32m  OK  [0m] Started Journal Service.
         Starting Flush Journal to Persistent Storage...
[[0;32m  OK  [0m] Started Load/Save Random Seed.
[[0;32m  OK  [0m] Started Set the console keyboard layout.
[[0;32m  OK  [0m] Started udev Coldplug all Devices.
[[0;32m  OK  [0m] Started Create Static Device Nodes in /dev.
         Starting udev Kernel Device Manager...
[    8.306022] systemd-journald[389]: Received request to flush runtime journal from PID 1
[    8.316658] random: crng init done
[    8.317132] random: 7 urandom warning(s) missed due to ratelimiting
[[0;32m  OK  [0m] Started Monitoring of LVM2 mirrors,â€¦sing dmeventd or progress polling.
[[0;32m  OK  [0m] Reached target Local File Systems (Pre).
[[0;32m  OK  [0m] Reached target Local File Systems.
         Starting Set console font and keymap...
         Starting AppArmor initialization...
         Starting Tell Plymouth To Write Out Runtime Data...
         Starting ebtables ruleset management...
         Starting Commit a transient machine-id on disk...
[    8.334961] iscsi: registered transport (iser)
[[0;32m  OK  [0m] Started Load Kernel Modules.
         Mounting FUSE Control File System...
         Starting Apply Kernel Variables...
         Mounting Kernel Configuration File System...
[[0;32m  OK  [0m] Mounted FUSE Control File System.
[[0;32m  OK  [0m] Mounted Kernel Configuration File System.
[[0;32m  OK  [0m] Started udev Kernel Device Manager.
[[0;32m  OK  [0m] Started Dispatch Password Requests to Console Directory Watch.
[[0;32m  OK  [0m] Reached target Local Encrypted Volumes.
[[0;32m  OK  [0m] Started Tell Plymouth To Write Out Runtime Data.
[[0;32m  OK  [0m] Started Set console font and keymap.
[[0;32m  OK  [0m] Started Flush Journal to Persistent Storage.
[[0;32m  OK  [0m] Started Commit a transient machine-id on disk.
[[0;32m  OK  [0m] Started Apply Kernel Variables.
[[0;32m  OK  [0m] Found device /dev/ttyS0.
         Starting Create Volatile Files and Directories...
[[0;32m  OK  [0m] Started ebtables ruleset management.
[[0;32m  OK  [0m] Started Create Volatile Files and Directories.
         Starting Update UTMP about System Boot/Shutdown...
[[0;32m  OK  [0m] Listening on Load/Save RF Kill Switch Status /dev/rfkill Watch.
[[0;32m  OK  [0m] Started Update UTMP about System Boot/Shutdown.
[[0;32m  OK  [0m] Started AppArmor initialization.
[    9.728398] cloud-init[397]: Cloud-init v. 18.4-0ubuntu1~18.04.1 running 'init-local' at Wed, 14 Nov 2018 10:18:52 +0000. Up 9.40 seconds.
[[0;32m  OK  [0m] Started Initial cloud-init job (pre-networking).
[[0;32m  OK  [0m] Reached target Network (Pre).
         Starting Network Service...
[[0;32m  OK  [0m] Started Network Service.
         Starting Wait for Network to be Configured...
         Starting Network Name Resolution...
[[0;32m  OK  [0m] Started Network Name Resolution.
[[0;32m  OK  [0m] Reached target Network.
[[0;32m  OK  [0m] Reached target Host and Network Name Lookups.
[[0;32m  OK  [0m] Started Wait for Network to be Configured.
         Starting Initial cloud-init job (metadata service crawler)...
[   12.082316] cloud-init[636]: Cloud-init v. 18.4-0ubuntu1~18.04.1 running 'init' at Wed, 14 Nov 2018 10:18:54 +0000. Up 11.34 seconds.
[   12.083912] cloud-init[636]: ci-info: ++++++++++++++++++++++++++++++++++++++Net device info+++++++++++++++++++++++++++++++++++++++
[   12.085436] cloud-init[636]: ci-info: +--------+-------+----------------------------+---------------+--------+-------------------+
[   12.086959] cloud-init[636]: ci-info: | Device |   Up  |          Address           |      Mask     | Scope  |     Hw-Address    |
[   12.088596] cloud-init[636]: ci-info: +--------+-------+----------------------------+---------------+--------+-------------------+
[   12.090028] cloud-init[636]: ci-info: | enp0s3 |  True |         10.0.2.15          | 255.255.255.0 | global | 02:85:b4:6d:51:fa |
[   12.102023] cloud-init[636]: ci-info: | enp0s3 |  True | fe80::85:b4ff:fe6d:51fa/64 |       .       |  link  | 02:85:b4:6d:51:fa |
[   12.104616] cloud-init[636]: ci-info: | enp0s8 | False |             .              |       .       |   .    | 08:00:27:0d:ba:cc |
[   12.106222] cloud-init[636]: ci-info: |   lo   |  True |         127.0.0.1          |   255.0.0.0   |  host  |         .         |
[   12.107638] cloud-init[636]: ci-info: |   lo   |  True |          ::1/128           |       .       |  host  |         .         |
[   12.109190] cloud-init[636]: ci-info: +--------+-------+----------------------------+---------------+--------+-------------------+
[   12.110620] cloud-init[636]: ci-info: ++++++++++++++++++++++++++++Route IPv4 info+++++++++++++++++++++++++++++
[   12.111918] cloud-init[636]: ci-info: +-------+-------------+----------+-----------------+-----------+-------+
[   12.113294] cloud-init[636]: ci-info: | Route | Destination | Gateway  |     Genmask     | Interface | Flags |
[   12.114562] cloud-init[636]: ci-info: +-------+-------------+----------+-----------------+-----------+-------+
[   12.115856] cloud-init[636]: ci-info: |   0   |   0.0.0.0   | 10.0.2.2 |     0.0.0.0     |   enp0s3  |   UG  |
[   12.117270] cloud-init[636]: ci-info: |   1   |   10.0.2.0  | 0.0.0.0  |  255.255.255.0  |   enp0s3  |   U   |
[   12.125121] cloud-init[636]: ci-info: |   2   |   10.0.2.2  | 0.0.0.0  | 255.255.255.255 |   enp0s3  |   UH  |
[[   12.136837] cloud-init[636]: ci-info: +-------+-------------+----------+-----------------+-----------+-------+
[   12.138196] cloud-init[636]: ci-info: +++++++++++++++++++Route IPv6 info+++++++++++++++++++
[   12.139414] cloud-init[636]: ci-info: +-------+-------------+---------+-----------+-------+
[   12.139450] cloud-init[636]: ci-info: | Route | Destination | Gateway | Interface | Flags |
[   12.139488] cloud-init[636]: ci-info: +-------+-------------+---------+-----------+-------+
[   12.139583] cloud-init[636]: ci-info: |   1   |  fe80::/64  |    ::   |   enp0s3  |   U   |
[   12.139628] cloud-init[636]: ci-info: |   3   |    local    |    ::   |   enp0s3  |   U   |
[   12.139679] cloud-init[636]: ci-info: |   4   |   ff00::/8  |    ::   |   enp0s3  |   U   |
[   12.139716] cloud-init[636]: ci-info: +-------+-------------+---------+-----------+-------+
[   12.139748] cloud-init[636]: Generating public/private rsa key pair.
[   12.139781] cloud-init[636]: Your identification has been saved in /etc/ssh/ssh_host_rsa_key.
[   12.139823] cloud-init[636]: Your public key has been saved in /etc/ssh/ssh_host_rsa_key.pub.
[   12.139867] cloud-init[636]: The key fingerprint is:
[   12.139901] cloud-init[636]: SHA256:N7RmeNSUiqC/gNqm0LGzHVAac7+LbbqnNsr1MBOZoT8 root@ubuntu-bionic
[   12.139933] cloud-init[636]: The key's randomart image is:
[   12.139970] cloud-init[636]: +---[RSA 2048]----+
[   12.140021] cloud-init[636]: |            ..   |
[   12.140056] cloud-init[636]: |      .    o.    |
[   12.140090] cloud-init[636]: |  o +. . .o..    |
[   12.140179] cloud-init[636]: |   B.=  .+..     |
[   12.140224] cloud-init[636]: |  =.+.. S B      |
[   12.140267] cloud-init[636]: | ..=.... = .     |
[   12.140301] cloud-init[636]: |.o+ E...         |
[   12.140333] cloud-init[636]: |o.o=oX+.         |
[   12.140375] cloud-init[636]: |.o+o*B+          |
[   12.140419] cloud-init[636]: +----[SHA256]-----+
[   12.140450] cloud-init[636]: Generating public/private dsa key pair.
[   12.140482] cloud-init[636]: Your identification has been saved in /etc/ssh/ssh_host_dsa_key.
[   12.141796] cloud-init[636]: Your public key has been saved in /etc/ssh/ssh_host_dsa_key.pub.
[   12.141840] cloud-init[636]: The key fingerprint is:
[   12.141871] cloud-init[636]: SHA256:BUO36W2UNBb/Lis6/RUJAiKWK2dOw+BHucMHdRp8z3w root@ubuntu-bionic
[   12.141908] cloud-init[636]: The key's randomart image is:
[   12.141941] cloud-init[636]: +---[DSA 1024]----+
[   12.141972] cloud-init[636]: |     o==+o. =.   |
[   12.142003] cloud-init[636]: |   ..=..==.= +   |
[   12.142031] cloud-init[636]: |  . = +.. B.o..  |
[   12.142070] cloud-init[636]: |   o % . o *.E...|
[   12.142100] cloud-init[636]: |    B + S . +  o.|
[   12.142129] cloud-init[636]: |     .     .   ..|
[   12.142160] cloud-init[636]: |           .  . o|
[   12.142190] cloud-init[636]: |          . o  + |
[   12.142221] cloud-init[636]: |          .o oo  |
[   12.142249] cloud-init[636]: +----[SHA256]-----+
[   12.142280] cloud-init[636]: Generating public/private ecdsa key pair.
[   12.142311] cloud-init[636]: Your identification has been saved in /etc/ssh/ssh_host_ecdsa_key.
[   12.142342] cloud-init[636]: Your public key has been saved in /etc/ssh/ssh_host_ecdsa_key.pub.
[   12.142373] cloud-init[636]: The key fingerprint is:
[   12.142401] cloud-init[636]: SHA256:sF4TW/n5pJ6XQ39K59sDWyCc+au8LQIbfgb/u4eQfSc root@ubuntu-bionic
[   12.142437] cloud-init[636]: The key's randomart image is:
[   12.142488] cloud-init[636]: +---[ECDSA 256]---+
[   12.142536] cloud-init[636]: |                 |
[   12.142570] cloud-init[636]: |           .     |
[   12.142602] cloud-init[636]: |      . . + o    |
[   12.142630] cloud-init[636]: |       o + * o   |
[   12.142661] cloud-init[636]: |      . S o = o  |
[   12.142692] cloud-init[636]: |     . = + . E.o |
[   12.142722] cloud-init[636]: |      o * . +.Xo.|
[   12.142753] cloud-init[636]: |       o =.+.*+++|
[   12.142784] cloud-init[636]: |        o oBXo.+*|
[   12.142812] cloud-init[636]: +----[SHA256]-----+
[   12.142840] cloud-init[636]: Generating public/private ed25519 key pair.
[   12.142870] cloud-init[636]: Your identification has been saved in /etc/ssh/ssh_host_ed25519_key.
[   12.142898] cloud-init[636]: Your public key has been saved in /etc/ssh/ssh_host_ed25519_key.pub.
[   12.142926] cloud-init[636]: The key fingerprint is:
[0;32m  OK  [0m] Started Initial cloud-init job (metadata service crawler).
[[0;32m  OK  [0m] Reached target Network is Online.
[[0;32m  OK  [0m] Reached target Remote File Systems (Pre).
[[0;32m  OK  [0m] Reached target Remote File Systems.
         Starting Availability of block devices...
[[0;32m  OK  [0m] Reached target Cloud-config availability.
[[0;32m  OK  [0m] Reached target System Initialization.
[[0;32m  OK  [0m] Listening on Open-iSCSI iscsid Socket.
[   12.244752] cloud-init[636]: SHA256:+uEtqkxnP6iiSoHXNVj5Hal5M16ac22GCPzYJTqwuq0 root@ubuntu-bionic
[   12.245984] cloud-init[[0;32m  OK  [0m] Started ACPI Events Check.
[[0;32m  OK  [0m] Started Message of the Day.
[[0;32m  OK  [0m] Listening on UUID daemon activation socket.
[[0;32m  OK  [0m] Started Discard unused blocks once a week.
[[0;32m  OK  [0m] Reached target Paths.
         Starting LXD - unix socket.
[[0;32m  OK  [0m] Listening on ACPID Listen Socket.
[[0;32m  OK  [0m] Listening on D-Bus System Message Bus Socket.
         Starting Socket activation for snappy daemon.
[[0;32m  OK  [0m] Started Daily apt download activities.
[[0;32m  OK  [0m] Started Daily apt upgrade and clean activities.
[[0;32m  OK  [0m] Started Daily Cleanup of Temporary Directories.
[[0;32m  OK  [0m] Reached target Timers.
[[0;32m  OK  [0m] Listening on Socket activation for snappy daemon.
[[0;32m  OK  [0m] Listening on LXD - unix socket.
[[0;32m  OK  [0m] Reached target Sockets.
[[0;32m  OK  [0m] Reached target Basic System.
         Starting System Logging Service...
         Starting Accounts Service...
[636]: The key's randomart image is:
         [   12.348135] cloud-init[636]: +--[ED25519 256]--+
[   12.349141] cloud-init[636]: |      ..   .     |
[   12.349841] cloud-init[636]: |     o.   o      |
[   12.350552] cloud-init[636]: |    . oo + .     |
[   12.350747] cloud-init[636]: |.  . ...* * o    |
[   12.350782] cloud-init[636]: |... .  oSO X o   |
[   12.350823] cloud-init[636]: | ..   ..+ O o +  |
[   12.350858] cloud-init[636]: | .  ..+... o o   |
[   12.350892] cloud-init[636]: |. .o.+.+oo       |
[   12.350929] cloud-init[636]: |+. .E=o.+o.      |
[   12.350964] cloud-init[636]: +----[SHA256]-----+
Starting Dispatcher daemon for systemd-networkd...
[[0;32m  OK  [0m] Started Deferred execution scheduler.
         Starting LSB: automatic crash report generation...
[[0;32m  OK  [0m] Started irqbalance daemon.
[[0;32m  OK  [0m] Started FUSE filesystem for LXC.
         Starting LSB: Record successful boot for GRUB...
[[0;32m  OK  [0m] Started Unattended Upgrades Shutdown.
         Starting Permit User Sessions...
[[0;32m  OK  [0m] Started Regular background program processing daemon.
         Starting Snappy daemon...
         Starting Pollinate to seed the pseudo random number generator...
         Starting Virtualbox guest utils...
[[0;32m  OK  [0m] Started D-Bus System Message Bus.
         Starting Login Service...
         Starting LXD - container startup/shutdown...
[[0;32m  OK  [0m] Started System Logging Service.
[[0;32m  OK  [0m] Started Availability of block devices.
[[0;32m  OK  [0m] Started Permit User Sessions.
         Starting Terminate Plymouth Boot Screen...
         Starting Hold until boot process finishes up...
[[0;32m  OK  [0m] Started Hold until boot process finishes up.
         Starting Set console scheme...
[[0;32m  OK  [0m] Started Serial Getty on ttyS0.
[[0;32m  OK  [0m] Started Terminate Plymouth Boot Screen.
[[0;32m  OK  [0m] Started Dispatcher daemon for systemd-networkd.
[[0;32m  OK  [0m] Started Set console scheme.
[[0;32m  OK  [0m] Started Login Service.
[[0;32m  OK  [0m] Created slice system-getty.slice.
[[0;32m  OK  [0m] Started Getty on tty1.
[[0;32m  OK  [0m] Reached target Login Prompts.
         Starting Authorization Manager...
[[0;32m  OK  [0m] Started LXD - container startup/shutdown.
[[0;32m  OK  [0m] Started LSB: automatic crash report generation.
[[0;32m  OK  [0m] Started Authorization Manager.
[[0;32m  OK  [0m] Started Accounts Service.
[[0;32m  OK  [0m] Started LSB: Record successful boot for GRUB.
[[0;32m  OK  [0m] Started Virtualbox guest utils.
[[0;32m  OK  [0m] Started Snappy daemon.
         Starting Wait until snapd is fully seeded...
[[0;32m  OK  [0m] Started Pollinate to seed the pseudo random number generator.
         Starting OpenBSD Secure Shell server...
[[0;32m  OK  [0m] Started OpenBSD Secure Shell server.
[[0;32m  OK  [0m] Created slice User Slice of vagrant.
         Starting User Manager for UID 1000...
[[0;32m  OK  [0m] Started Session 1 of user vagrant.
[[0;32m  OK  [0m] Started User Manager for UID 1000.
[[0;32m  OK  [0m] Started Wait until snapd is fully seeded.
         Starting Apply the settings specified in cloud-config...
[[0;32m  OK  [0m] Reached target Multi-User System.
[[0;32m  OK  [0m] Reached target Graphical Interface.
         Starting Update UTMP about System Runlevel Changes...
[[0;32m  OK  [0m] Started Update UTMP about System Runlevel Changes.
[   17.665239] cloud-init[1415]: Cloud-init v. 18.4-0ubuntu1~18.04.1 running 'modules:config' at Wed, 14 Nov 2018 10:19:00 +0000. Up 17.35 seconds.
ci-info: no authorized ssh keys fingerprints found for user ubuntu.
<14>Nov 14 10:19:01 ec2: 
<14>Nov 14 10:19:01 ec2: #############################################################
<14>Nov 14 10:19:01 ec2: -----BEGIN SSH HOST KEY FINGERPRINTS-----
<14>Nov 14 10:19:01 ec2: 1024 SHA256:BUO36W2UNBb/Lis6/RUJAiKWK2dOw+BHucMHdRp8z3w root@ubuntu-bionic (DSA)
<14>Nov 14 10:19:01 ec2: 256 SHA256:sF4TW/n5pJ6XQ39K59sDWyCc+au8LQIbfgb/u4eQfSc root@ubuntu-bionic (ECDSA)
<14>Nov 14 10:19:01 ec2: 256 SHA256:+uEtqkxnP6iiSoHXNVj5Hal5M16ac22GCPzYJTqwuq0 root@ubuntu-bionic (ED25519)
<14>Nov 14 10:19:01 ec2: 2048 SHA256:N7RmeNSUiqC/gNqm0LGzHVAac7+LbbqnNsr1MBOZoT8 root@ubuntu-bionic (RSA)
<14>Nov 14 10:19:01 ec2: -----END SSH HOST KEY FINGERPRINTS-----
<14>Nov 14 10:19:01 ec2: #############################################################
-----BEGIN SSH HOST KEY KEYS-----
ecdsa-sha2-nistp256 AAAAE2VjZHNhLXNoYTItbmlzdHAyNTYAAAAIbmlzdHAyNTYAAABBBKlyQSW7ZzxbDsh9mJn8Y+rvzeb5+2yLD6C1ZWizRxCHhJVScs58CqttN/iY19Twl83tBy38Ij+vOXHVBrb21BY= root@ubuntu-bionic
ssh-ed25519 AAAAC3NzaC1lZDI1NTE5AAAAIOZpLl8mjsp+kLC4FCPTrItPgRmLBcsw5aXqNBQgUzZM root@ubuntu-bionic
ssh-rsa AAAAB3NzaC1yc2EAAAADAQABAAABAQC3vDqKElDBLbgokGYG3RJvYWufWm0bBEN/IdZzNZP3T7JHqSCBxMSgKXNtcbNchKGkvg/dTJ6F+zGKLhf5B06TP64jPvm8uHRp2BL2Fv4kREWk0tsExCpNW4KIBcaeugdpT4fsoXwtlNYghsy5xx9T0VF163zyiRPeZD+i1UkHyD8tOAbBsEmPKlQWT4Qh2eLFpPbPHPuBi6rgwYBdTILQ/mckMokyGRH2LALeXtKipz7quTPdX8rjee/CwEpPfeOvsFclc3oXRhNqBD7Fgfn73CP016A5n37BRzlsDp9ZPONirocVp9gWlX6gBqAHGowzB4/R2yZRrw7QF5bcmKXd root@ubuntu-bionic
-----END SSH HOST KEY KEYS-----
[   18.155609] cloud-init[1517]: Cloud-init v. 18.4-0ubuntu1~18.04.1 running 'modules:final' at Wed, 14 Nov 2018 10:19:01 +0000. Up 18.03 seconds.
[   18.155691] cloud-init[1517]: ci-info: no authorized ssh keys fingerprints found for user ubuntu.
[   18.155728] cloud-init[1517]: Cloud-init v. 18.4-0ubuntu1~18.04.1 finished at Wed, 14 Nov 2018 10:19:01 +0000. Datasource DataSourceNoCloud [seed=/dev/sdb][dsmode=net].  Up 18.14 seconds

Ubuntu 18.04.1 LTS ubuntu-bionic ttyS0

ubuntu-bionic login: 